{
  "conversations": 2,
  "messages": 6,
  "by_agent": [
    {
      "agent": "aider",
      "count": 2
    }
  ],
  "top_workspaces": [
    {
      "workspace": "[REPO]",
      "count": 1
    },
    {
      "workspace": "[REPO]/tests/fixtures/aider",
      "count": 1
    }
  ],
  "date_range": {
    "oldest": "[TIMESTAMP]",
    "newest": "[TIMESTAMP]"
  },
  "db_path": "[TEST_HOME]/search_demo_data/agent_search.db"
}