{
  "schema_version": "cass.swarm.status.v1",
  "status": "ok",
  "_meta": {
    "request_id": "fixture-busy",
    "generated_at_ms": 0,
    "elapsed_ms": 2,
    "repo": "[FIXTURE_REPO]",
    "project_key": "[FIXTURE_REPO]",
    "hostname": "fixture-host",
    "partial": false,
    "warnings": []
  },
  "providers": [
    {"name": "beads", "source": "fixture:beads", "status": "ok", "freshness_ms": 0, "elapsed_ms": 0, "error_kind": null, "warning": null},
    {"name": "agent_mail", "source": "fixture:agent_mail", "status": "ok", "freshness_ms": 0, "elapsed_ms": 0, "error_kind": null, "warning": null},
    {"name": "git", "source": "fixture:git", "status": "ok", "freshness_ms": 0, "elapsed_ms": 0, "error_kind": null, "warning": null},
    {"name": "process", "source": "fixture:processes", "status": "ok", "freshness_ms": 0, "elapsed_ms": 0, "error_kind": null, "warning": null},
    {"name": "cass_health", "source": "fixture:cass_health", "status": "ok", "freshness_ms": 0, "elapsed_ms": 0, "error_kind": null, "warning": null},
    {"name": "cass_status", "source": "fixture:cass_status", "status": "ok", "freshness_ms": 0, "elapsed_ms": 0, "error_kind": null, "warning": null},
    {"name": "evidence", "source": "fixture:evidence", "status": "ok", "freshness_ms": 0, "elapsed_ms": 0, "error_kind": null, "warning": null}
  ],
  "summary": {
    "ready_count": 1,
    "in_progress_count": 1,
    "blocked_count": 0,
    "active_agent_count": 2,
    "active_reservation_count": 1,
    "dirty_worktree": true,
    "build_pressure": "light",
    "stale_candidate_count": 0,
    "proof_gap_count": 0,
    "recommended_action": "coordinate-before-claim"
  },
  "beads": {
    "ready": [
      {"id": "cass-ready-2", "title": "Add fixture adapter", "status": "open", "priority": 1, "issue_type": "task", "labels": ["fixtures", "swarm"], "updated_at": "2026-05-08T15:30:00Z", "age_seconds": 1800, "owners": [], "safe_to_claim": true, "claim_blockers": [], "recommended_action": "claim-with-br-update"}
    ],
    "in_progress": [
      {"id": "cass-active-1", "title": "Implement contract draft", "status": "in_progress", "priority": 1, "issue_type": "task", "labels": ["design", "swarm"], "updated_at": "2026-05-08T15:55:00Z", "age_seconds": 300, "owners": ["BronzePeak"], "safe_to_claim": false, "claim_blockers": ["in-progress", "active-reservation", "recent-mail"], "recommended_action": "wait-for-owner"}
    ],
    "blocked": [],
    "stale_candidates": [],
    "graph": {"node_count": 18, "edge_count": 20, "has_cycles": false, "source": "fixture:bv"}
  },
  "agents": [
    {"name": "BronzePeak", "program": "codex-cli", "model": "gpt-5", "task_description": "contract slice", "last_active_ts": "2026-05-08T15:59:00Z", "active": true, "current_threads": ["cass-active-1"]},
    {"name": "CreamRaven", "program": "codex", "model": "gpt-5.5", "task_description": "fixture slice", "last_active_ts": "2026-05-08T15:58:30Z", "active": true, "current_threads": []}
  ],
  "reservations": [
    {"id": 100, "holder": "BronzePeak", "path_pattern": "docs/planning/SWARM_OPERATIONS_CONTRACT.md", "exclusive": true, "reason": "cass-active-1", "expires_ts": "2026-05-08T17:57:00Z", "state": "active", "overlaps_dirty_worktree": true}
  ],
  "build_pressure": {"status": "light", "active_rch_jobs": 1, "active_cargo_jobs": 0, "load_average_1m": 1.2, "cpu_count": 64, "recommended_action": "safe-to-run-focused-rch-test"},
  "git": {"branch": "main", "upstream": "origin/main", "ahead": 0, "behind": 0, "dirty": true, "dirty_paths": [{"status": "??", "path": "docs/planning/SWARM_OPERATIONS_CONTRACT.md"}], "recent_commits": [], "legacy_branch_mirror_required": false},
  "cass": {"health_status": "healthy", "healthy": true, "initialized": true, "recommended_action": null, "search_ready": true, "semantic_fallback_mode": "lexical", "active_rebuild": false},
  "evidence": {"recent_threads": [{"thread_id": "cass-active-1", "subject": "claimed contract doc", "sender": "BronzePeak", "created_ts": "2026-05-08T15:57:00Z", "redaction_status": "metadata_only"}], "recent_proofs": [], "proof_gaps": [], "redaction_applied": true},
  "recommendations": [
    {"kind": "coordinate", "confidence": "high", "summary": "Active reserved work is present; coordinate before touching overlapping paths.", "commands": ["br ready --json"], "requires_human_confirmation": false, "evidence_refs": ["reservations[0]", "git.dirty_paths[0]"]}
  ],
  "privacy": {"raw_session_content_included": false, "mail_body_snippets_included": false, "redaction_policy": "strict", "redaction_applied": true, "sensitive_paths_scrubbed": 0}
}
